// Jest Snapshot v1, https://jestjs.io/docs/snapshot-testing

exports[`Visualizations -> Table -> Columns -> Link Editor Changes URL template 1`] = `
{
  "linkUrlTemplate": "http://{{ @ }}/index.html",
}
`;

exports[`Visualizations -> Table -> Columns -> Link Editor Changes text template 1`] = `
{
  "linkTextTemplate": "Text of {{ @ }}",
}
`;

exports[`Visualizations -> Table -> Columns -> Link Editor Changes title template 1`] = `
{
  "linkTitleTemplate": "Title of {{ @ }}",
}
`;

exports[`Visualizations -> Table -> Columns -> Link Editor Makes link open in new tab  1`] = `
{
  "linkOpenInNewTab": true,
}
`;
