exports[`Dashboard > creates a new dashboard and archives it #0`] = `
<div data-test="DashboardLayoutContent">
  <div class="empty-state bg-white tiled">
    <div class="empty-state__summary">
      <h2><i class="zmdi zmdi-view-quilt"></i></h2>
      <p>See the big picture</p>
      <img
        src="/static/images/illustrations/dashboard.svg"
        alt="dashboard Illustration"
        width="75%"
      />
    </div>
    <div class="empty-state__steps">
      <h4>Let's get started</h4>
      <ol>
        <li class="done">
          <a href="data_sources/new">Connect</a> a Data Source
        </li>
        <li class=""><a href="queries/new">Create</a> your first Query</li>
        <li class="">
          <a href="javascript:void(0)">Create</a> your first Dashboard
        </li>
      </ol>
      <p>
        Need more support?
        <a
          href="https://help.redash.io/category/22-dashboards"
          target="_blank"
          rel="noopener noreferrer"
          >See our Help<i
            class="fa fa-external-link m-l-5"
            aria-hidden="true"
          ></i
        ></a>
      </p>
    </div>
  </div>
</div>
`;

exports[`Dashboard > creates a new dashboard and archives it #1`] = `
<div data-test="DashboardLayoutContent">
  <div class="empty-state bg-white tiled">
    <div class="empty-state__summary">
      <h2><i class="zmdi zmdi-view-quilt"></i></h2>
      <p>See the big picture</p>
      <img
        src="/static/images/illustrations/dashboard.svg"
        alt="dashboard Illustration"
        width="75%"
      />
    </div>
    <div class="empty-state__steps">
      <h4>Let's get started</h4>
      <ol>
        <li class="done">
          <a href="data_sources/new">Connect</a> a Data Source
        </li>
        <li class=""><a href="queries/new">Create</a> your first Query</li>
        <li class="">
          <a href="javascript:void(0)">Create</a> your first Dashboard
        </li>
      </ol>
      <p>
        Need more support?
        <a
          href="https://help.redash.io/category/22-dashboards"
          target="_blank"
          rel="noopener noreferrer"
          >See our Help<i
            class="fa fa-external-link m-l-5"
            aria-hidden="true"
          ></i
        ></a>
      </p>
    </div>
  </div>
</div>
`;
